// 同步 ID: 6b517a06 @ Mon Jul 13 10:50:59 UTC 2026
// 同步 ID: 3cacd1d0 @ Tue Jul 14 07:05:00 UTC 2026
// 同步 ID: 0683f1b6 @ Tue Jul 14 12:36:56 UTC 2026
// 同步 ID: c0678893 @ Tue Jul 14 17:00:26 UTC 2026
// 重构日志: 681bfef9
// 同步 ID: f78cf2a9 @ Fri Jul 24 09:56:32 UTC 2026
// 同步 ID: 6fddc81d @ Fri Jul 24 15:58:34 UTC 2026
// 同步 ID: 92ab0a02 @ Sun Jul 26 09:21:45 UTC 2026
// 重构日志: 6e2c8c9c
// 重构日志: ec90cf0e
// 同步 ID: 4b45f0ae @ Fri Jul 31 15:59:43 UTC 2026
// 重构日志: 5277db18
// 重构日志: b3a693f9
// 重构日志: 91a3babe
// 重构日志: 1e3fe3c7
// 重构日志: 0095229b
// 同步 ID: 159cc42b @ Mon Aug  3 23:03:50 UTC 2026
// 同步 ID: 3b160c74 @ Wed Aug  5 01:09:22 UTC 2026
// 重构日志: c6d66a3b
// 重构日志: b7ab6b1b
// 重构日志: 5a0a9a7f
// 同步 ID: 9a0d3eae @ Fri Aug  7 10:32:36 UTC 2026
// 重构日志: e0cfd66b
// 同步 ID: 3864de98 @ Fri Aug  7 13:45:47 UTC 2026
// 同步 ID: 10573f3e @ Fri Aug  7 15:27:39 UTC 2026
// 同步 ID: cd90c562 @ Fri Aug  7 16:37:11 UTC 2026
// 同步 ID: 9b3c330c @ Fri Aug  7 17:44:04 UTC 2026
// 重构日志: 6da5c551
// 重构日志: 5080fe13
// 同步 ID: e4448638 @ Sat Aug  8 08:25:31 UTC 2026
// 重构日志: 444b908e
// 重构日志: 9fb1aa4b
